[2023-07-13 11:17:34,188] root - INFO - Training pipeline Config Completed : TrainingPipelineConfig(artifact_dir='E:\\Projects\\Consumer_prediction\\customer_segmentation_Artifacts\\artifact')
[2023-07-13 11:17:34,190] root - INFO - Accessed Prediction image : Saved_Model\prediction.png
[2023-07-13 11:17:34,198] werkzeug - WARNING -  * Debugger is active!
[2023-07-13 11:17:34,208] werkzeug - INFO -  * Debugger PIN: 169-536-277
[2023-07-13 11:17:46,723] werkzeug - INFO - 127.0.0.1 - - [13/Jul/2023 11:17:46] "GET / HTTP/1.1" 200 -
[2023-07-13 11:17:47,315] werkzeug - INFO - 127.0.0.1 - - [13/Jul/2023 11:17:47] "[33mGET /favicon.ico HTTP/1.1[0m" 404 -
[2023-07-13 11:17:48,624] werkzeug - INFO - 127.0.0.1 - - [13/Jul/2023 11:17:48] "GET /train HTTP/1.1" 200 -
[2023-07-13 11:17:48,697] werkzeug - INFO - 127.0.0.1 - - [13/Jul/2023 11:17:48] "GET /static/images/prediction.png HTTP/1.1" 200 -
[2023-07-13 11:18:06,431] werkzeug - INFO - 127.0.0.1 - - [13/Jul/2023 11:18:06] "POST /train HTTP/1.1" 200 -
[2023-07-13 11:18:06,732] werkzeug - INFO - 127.0.0.1 - - [13/Jul/2023 11:18:06] "GET /static/images/prediction.png HTTP/1.1" 200 -
[2023-07-13 11:18:08,231] werkzeug - INFO - 127.0.0.1 - - [13/Jul/2023 11:18:08] "GET / HTTP/1.1" 200 -
[2023-07-13 11:18:09,327] werkzeug - INFO - 127.0.0.1 - - [13/Jul/2023 11:18:09] "GET /batch HTTP/1.1" 200 -
[2023-07-13 11:18:09,348] werkzeug - INFO - 127.0.0.1 - - [13/Jul/2023 11:18:09] "[36mGET /static/images/batch_prediction.png HTTP/1.1[0m" 304 -
[2023-07-13 11:18:15,854] root - INFO - CSV received and Uploaded
[2023-07-13 11:18:15,854] root - INFO - Loading the saved pipeline
[2023-07-13 11:18:15,855] werkzeug - INFO -  * Detected change in 'C:\\Users\\Hitesh\\AppData\\Local\\Programs\\Python\\Python311\\Lib\\site-packages\\sklearn\\base.py', reloading
[2023-07-13 11:18:15,855] root - INFO - Feature eng Object acessed :Prediction_Files/feat_eng.pkl
[2023-07-13 11:18:15,857] root - INFO - Preprocessor  Object accessed :Prediction_Files/preprocessed.pkl
[2023-07-13 11:18:15,858] root - INFO - Model File Path: Saved_model/model.pkl
[2023-07-13 11:18:15,869] root - INFO - DataFrame shape before removing duplicates: (2216, 29)
[2023-07-13 11:18:15,873] root - INFO - Removed 0 duplicate rows
[2023-07-13 11:18:15,873] root - INFO - DataFrame shape after removing duplicates: (2216, 29)
[2023-07-13 11:18:15,874] root - INFO - Shape before dropping NaN values: (2216, 29)
[2023-07-13 11:18:15,874] root - INFO - Shape after dropping NaN values: (2216, 29)
[2023-07-13 11:18:15,874] root - INFO - Dropped NaN values.
[2023-07-13 11:18:15,874] root - INFO -  ------ Modifying consumer Data ------
[2023-07-13 11:18:15,874] root - INFO -  Creating Total Offspring column
[2023-07-13 11:18:15,875] root - INFO -  Creating Living_With column
[2023-07-13 11:18:15,876] root - INFO -  Creating Family_Size column
[2023-07-13 11:18:15,876] root - INFO -  Modifying  Education column
[2023-07-13 11:18:15,877] root - INFO -  Creating Day_since_enrollment column
[2023-07-13 11:18:15,887] werkzeug - INFO -  * Detected change in 'C:\\Users\\Hitesh\\AppData\\Local\\Programs\\Python\\Python311\\Lib\\site-packages\\sklearn\\utils\\_set_output.py', reloading
[2023-07-13 11:18:15,896] werkzeug - INFO -  * Detected change in 'C:\\Users\\Hitesh\\AppData\\Local\\Programs\\Python\\Python311\\Lib\\site-packages\\sklearn\\pipeline.py', reloading
[2023-07-13 11:18:15,903] werkzeug - INFO -  * Detected change in 'C:\\Users\\Hitesh\\AppData\\Local\\Programs\\Python\\Python311\\Lib\\site-packages\\werkzeug\\debug\\__init__.py', reloading
[2023-07-13 11:18:15,904] root - INFO -  Creating Age column
[2023-07-13 11:18:15,905] root - INFO -  ------ Consumer Data Modified -------- 
[2023-07-13 11:18:15,910] root - INFO - Columns before drop  Index(['ID', 'Year_Birth', 'Education', 'Marital_Status', 'Income', 'Kidhome',
       'Teenhome', 'Dt_Customer', 'Recency', 'Wines', 'Fruits', 'Meat', 'Fish',
       'Sweets', 'Gold', 'NumDealsPurchases', 'NumWebPurchases',
       'NumCatalogPurchases', 'NumStorePurchases', 'NumWebVisitsMonth',
       'AcceptedCmp3', 'AcceptedCmp4', 'AcceptedCmp5', 'AcceptedCmp1',
       'AcceptedCmp2', 'Complain', 'Z_CostContact', 'Z_Revenue', 'Response',
       'Total_Offsprings', 'Living_With', 'Family_Size',
       'Days_since_enrollment', 'Age', 'Total_Amount', 'Frequency',
       'Total_purchases'],
      dtype='object')
[2023-07-13 11:18:15,910] root - INFO -  Dropping Columns ['Marital_Status', 'Dt_Customer', 'Year_Birth', 'ID', 'Kidhome', 'Teenhome', 'AcceptedCmp1', 'AcceptedCmp2', 'AcceptedCmp3', 'AcceptedCmp4', 'AcceptedCmp5', 'Response', 'Z_CostContact', 'Z_Revenue', 'NumWebPurchases', 'NumCatalogPurchases', 'NumStorePurchases', 'NumWebVisitsMonth'] 
[2023-07-13 11:18:15,910] root - INFO -  Columne after dropping : Index(['Education', 'Income', 'Recency', 'Wines', 'Fruits', 'Meat', 'Fish',
       'Sweets', 'Gold', 'NumDealsPurchases', 'Complain', 'Total_Offsprings',
       'Living_With', 'Family_Size', 'Days_since_enrollment', 'Age',
       'Total_Amount', 'Frequency', 'Total_purchases'],
      dtype='object')
[2023-07-13 11:18:15,910] root - INFO -  Data Modification Done
[2023-07-13 11:18:15,910] root - INFO -  Removing Outliers
[2023-07-13 11:18:15,911] root - INFO - Original Data  : (2240, 29)
[2023-07-13 11:18:15,911] root - INFO - Shape Modified Data : (2215, 19)
[2023-07-13 11:18:15,911] root - INFO -  Data Wrangaling Done 
[2023-07-13 11:18:15,919] root - INFO - Feature-engineered batch data saved as CSV.
[2023-07-13 11:18:15,920] root - INFO - Columns before transformation: Education: int32, Income: float64, Recency: int64, Wines: int64, Fruits: int64, Meat: int64, Fish: int64, Sweets: int64, Gold: int64, NumDealsPurchases: int64, Complain: int64, Total_Offsprings: int64, Living_With: int32, Family_Size: int64, Days_since_enrollment: int64, Age: int64, Total_Amount: int64, Frequency: int64, Total_purchases: int64
[2023-07-13 11:18:15,922] root - INFO - Transformed Data Shape: (2215, 19)
[2023-07-13 11:18:15,922] root - INFO - Transformation completed successfully
[2023-07-13 11:18:15,958] root - INFO -  PCA Transformation Started ........
[2023-07-13 11:18:16,000] root - INFO - Predictions done :[1 0 1 ... 1 3 0]
[2023-07-13 11:18:16,009] root - INFO - Batch predictions saved to 'E:\Projects\Consumer_prediction\batch_Prediction\prediction_csv\predictions.csv'.
[2023-07-13 11:18:16,009] root - INFO -  Data in cluster report : {0: 'Ordinary customer', 1: 'Best Customer', 2: 'Ordinary customer', 3: 'Avg Customer'}
