[2023-07-13 10:59:39,834] root - INFO - Training pipeline Config Completed : TrainingPipelineConfig(artifact_dir='E:\\Projects\\Consumer_prediction\\customer_segmentation_Artifacts\\artifact')
[2023-07-13 10:59:39,835] root - INFO - Accessed Prediction image : Saved_Model\prediction.png
[2023-07-13 10:59:39,841] werkzeug - WARNING -  * Debugger is active!
[2023-07-13 10:59:39,842] werkzeug - INFO -  * Debugger PIN: 637-643-803
[2023-07-13 10:59:45,324] werkzeug - INFO - 127.0.0.1 - - [13/Jul/2023 10:59:45] "GET / HTTP/1.1" 200 -
[2023-07-13 10:59:49,444] werkzeug - INFO - 127.0.0.1 - - [13/Jul/2023 10:59:49] "GET /train HTTP/1.1" 200 -
[2023-07-13 10:59:49,769] werkzeug - INFO - 127.0.0.1 - - [13/Jul/2023 10:59:49] "GET /static/images/prediction.png HTTP/1.1" 200 -
[2023-07-13 11:00:02,372] werkzeug - INFO - 127.0.0.1 - - [13/Jul/2023 11:00:02] "POST /train HTTP/1.1" 200 -
[2023-07-13 11:00:02,385] werkzeug - INFO - 127.0.0.1 - - [13/Jul/2023 11:00:02] "GET /static/images/prediction.png HTTP/1.1" 200 -
[2023-07-13 11:00:03,960] werkzeug - INFO - 127.0.0.1 - - [13/Jul/2023 11:00:03] "GET / HTTP/1.1" 200 -
[2023-07-13 11:00:05,274] werkzeug - INFO - 127.0.0.1 - - [13/Jul/2023 11:00:05] "GET /batch HTTP/1.1" 200 -
[2023-07-13 11:00:05,578] werkzeug - INFO - 127.0.0.1 - - [13/Jul/2023 11:00:05] "[36mGET /static/images/batch_prediction.png HTTP/1.1[0m" 304 -
[2023-07-13 11:00:10,414] root - INFO - CSV received and Uploaded
[2023-07-13 11:00:10,414] root - INFO - Loading the saved pipeline
[2023-07-13 11:00:10,414] root - INFO - Feature eng Object acessed :Prediction_Files/feat_eng.pkl
[2023-07-13 11:00:10,414] root - INFO - Preprocessor  Object accessed :Prediction_Files/preprocessed.pkl
[2023-07-13 11:00:10,414] root - INFO - Model File Path: Saved_model/model.pkl
[2023-07-13 11:00:10,423] root - INFO - DataFrame shape before removing duplicates: (2216, 29)
[2023-07-13 11:00:10,428] root - INFO - Removed 0 duplicate rows
[2023-07-13 11:00:10,428] root - INFO - DataFrame shape after removing duplicates: (2216, 29)
[2023-07-13 11:00:10,428] root - INFO - Shape before dropping NaN values: (2216, 29)
[2023-07-13 11:00:10,429] root - INFO - Shape after dropping NaN values: (2216, 29)
[2023-07-13 11:00:10,429] root - INFO - Dropped NaN values.
[2023-07-13 11:00:10,429] root - INFO -  ------ Modifying consumer Data ------
[2023-07-13 11:00:10,429] root - INFO -  Creating Total Offspring column
[2023-07-13 11:00:10,429] root - INFO -  Creating Living_With column
[2023-07-13 11:00:10,430] root - INFO -  Creating Family_Size column
[2023-07-13 11:00:10,431] root - INFO -  Modifying  Education column
[2023-07-13 11:00:10,432] root - INFO -  Creating Day_since_enrollment column
[2023-07-13 11:00:10,450] root - INFO -  Creating Age column
[2023-07-13 11:00:10,451] root - INFO -  ------ Consumer Data Modified -------- 
[2023-07-13 11:00:10,456] root - INFO - Columns before drop  Index(['ID', 'Year_Birth', 'Education', 'Marital_Status', 'Income', 'Kidhome',
       'Teenhome', 'Dt_Customer', 'Recency', 'Wines', 'Fruits', 'Meat', 'Fish',
       'Sweets', 'Gold', 'NumDealsPurchases', 'NumWebPurchases',
       'NumCatalogPurchases', 'NumStorePurchases', 'NumWebVisitsMonth',
       'AcceptedCmp3', 'AcceptedCmp4', 'AcceptedCmp5', 'AcceptedCmp1',
       'AcceptedCmp2', 'Complain', 'Z_CostContact', 'Z_Revenue', 'Response',
       'Total_Offsprings', 'Living_With', 'Family_Size',
       'Days_since_enrollment', 'Age', 'Total_Amount', 'Frequency',
       'Total_purchases'],
      dtype='object')
[2023-07-13 11:00:10,456] root - INFO -  Dropping Columns ['Marital_Status', 'Dt_Customer', 'Year_Birth', 'ID', 'Kidhome', 'Teenhome', 'AcceptedCmp1', 'AcceptedCmp2', 'AcceptedCmp3', 'AcceptedCmp4', 'AcceptedCmp5', 'Response', 'Z_CostContact', 'Z_Revenue', 'NumWebPurchases', 'NumCatalogPurchases', 'NumStorePurchases', 'NumWebVisitsMonth'] 
[2023-07-13 11:00:10,457] root - INFO -  Columne after dropping : Index(['Education', 'Income', 'Recency', 'Wines', 'Fruits', 'Meat', 'Fish',
       'Sweets', 'Gold', 'NumDealsPurchases', 'Complain', 'Total_Offsprings',
       'Living_With', 'Family_Size', 'Days_since_enrollment', 'Age',
       'Total_Amount', 'Frequency', 'Total_purchases'],
      dtype='object')
[2023-07-13 11:00:10,457] root - INFO -  Data Modification Done
[2023-07-13 11:00:10,457] root - INFO -  Removing Outliers
[2023-07-13 11:00:10,457] root - INFO - Original Data  : (2240, 29)
[2023-07-13 11:00:10,457] root - INFO - Shape Modified Data : (2215, 19)
[2023-07-13 11:00:10,457] root - INFO -  Data Wrangaling Done 
[2023-07-13 11:00:10,464] root - INFO - Feature-engineered batch data saved as CSV.
[2023-07-13 11:00:10,466] root - INFO - Columns before transformation: Education: int32, Income: float64, Recency: int64, Wines: int64, Fruits: int64, Meat: int64, Fish: int64, Sweets: int64, Gold: int64, NumDealsPurchases: int64, Complain: int64, Total_Offsprings: int64, Living_With: int32, Family_Size: int64, Days_since_enrollment: int64, Age: int64, Total_Amount: int64, Frequency: int64, Total_purchases: int64
[2023-07-13 11:00:10,468] root - INFO - Transformed Data Shape: (2215, 19)
[2023-07-13 11:00:10,468] root - INFO - Transformation completed successfully
[2023-07-13 11:00:10,503] root - INFO -  PCA Transformation Started ........
[2023-07-13 11:00:10,537] root - INFO - Predictions done :[1 0 1 ... 1 3 0]
[2023-07-13 11:00:10,545] root - INFO - Batch predictions saved to 'E:\Projects\Consumer_prediction\batch_Prediction\prediction_csv\predictions.csv'.
[2023-07-13 11:00:10,546] root - INFO -  Data in cluster report : {0: 'Ordinary customer', 1: 'Best Customer', 2: 'Ordinary customer', 3: 'Good Customer'}
[2023-07-13 11:00:37,945] werkzeug - INFO - 127.0.0.1 - - [13/Jul/2023 11:00:37] "POST /batch HTTP/1.1" 200 -
[2023-07-13 11:00:37,961] werkzeug - INFO - 127.0.0.1 - - [13/Jul/2023 11:00:37] "GET /static/images/batch_prediction.png HTTP/1.1" 200 -
[2023-07-13 11:00:39,237] werkzeug - INFO - 127.0.0.1 - - [13/Jul/2023 11:00:39] "GET /batch HTTP/1.1" 200 -
