[2023-07-12 22:11:52,058] root - INFO - Training pipeline Config Completed : TrainingPipelineConfig(artifact_dir='E:\\Projects\\Consumer_prediction\\customer_segmentation_Artifacts\\artifact')
[2023-07-12 22:11:52,058] root - INFO - Data Ingestion config: DataIngestionConfig(dataset_download_url='https://github.com/Hitesh-Nimbalkar/Customer_personality_data/blob/main/marketing_campaign.zip', ingested_data_dir='E:\\Projects\\Consumer_prediction\\customer_segmentation_Artifacts\\artifact\\data_ingestion\\2023-07-12 22-11-51\\ingested_Data', raw_data_dir='E:\\Projects\\Consumer_prediction\\customer_segmentation_Artifacts\\artifact\\data_ingestion\\2023-07-12 22-11-51\\raw_data', ingested_train_dir='E:\\Projects\\Consumer_prediction\\customer_segmentation_Artifacts\\artifact\\data_ingestion\\2023-07-12 22-11-51\\ingested_Data\\train_Data')
[2023-07-12 22:11:52,059] root - INFO - >>>>>>>>>>>>>>>>>>>>>>>>>>>>>>>>>>>>>>>>>>>>>>>>>>>>>>>>>>>>Data Ingestion log started.<<<<<<<<<<<<<<<<<<<<<<<<<<<<<<<<<<<<<<<<<<<<<<<<<<<<<<<<<<<< 


[2023-07-12 22:11:52,059] root - INFO -  Raw Data directory : E:\Projects\Consumer_prediction\customer_segmentation_Artifacts\artifact\data_ingestion\2023-07-12 22-11-51\raw_data
[2023-07-12 22:11:52,059] root - INFO - Downloading file from URL: https://github.com/Hitesh-Nimbalkar/Customer_personality_data/blob/main/marketing_campaign.zip?raw=true
[2023-07-12 22:11:53,583] root - INFO - File downloaded successfully.
[2023-07-12 22:11:53,585] root - INFO - Zip file extracted successfully.
[2023-07-12 22:11:53,598] root - INFO - File: E:\Projects\Consumer_prediction\customer_segmentation_Artifacts\artifact\data_ingestion\2023-07-12 22-11-51\ingested_Data\marketing_campaign.csv has been downloaded and extracted successfully.
[2023-07-12 22:11:53,598] root - INFO - Data Ingestion Artifact:[DataIngestionArtifact(train_file_path='E:\\Projects\\Consumer_prediction\\customer_segmentation_Artifacts\\artifact\\data_ingestion\\2023-07-12 22-11-51\\ingested_Data\\marketing_campaign.csv', is_ingested=True, message='data ingestion completed successfully')]
[2023-07-12 22:11:53,598] root - INFO - >>>>>>>>>>>>>>>>>>>>>>>>>>>>>>>>>>>>>>>>>>>>>>>>>>>>>>>>>>>>Data Validation log started.<<<<<<<<<<<<<<<<<<<<<<<<<<<<<<<<<<<<<<<<<<<<<<<<<<<<<<<<<<<< 


[2023-07-12 22:11:53,600] root - INFO - Validation Process Started
[2023-07-12 22:11:53,608] root - INFO -  Columns in ingested Data :Index(['ID', 'Year_Birth', 'Education', 'Marital_Status', 'Income', 'Kidhome',
       'Teenhome', 'Dt_Customer', 'Recency', 'MntWines', 'MntFruits',
       'MntMeatProducts', 'MntFishProducts', 'MntSweetProducts',
       'MntGoldProds', 'NumDealsPurchases', 'NumWebPurchases',
       'NumCatalogPurchases', 'NumStorePurchases', 'NumWebVisitsMonth',
       'AcceptedCmp3', 'AcceptedCmp4', 'AcceptedCmp5', 'AcceptedCmp1',
       'AcceptedCmp2', 'Complain', 'Z_CostContact', 'Z_Revenue', 'Response'],
      dtype='object')
[2023-07-12 22:11:53,629] root - INFO - Train_set status: is Train filename validated? True | is train column name validated? True | whole missing columns? TrueData type validation? True
[2023-07-12 22:11:53,631] root - INFO - Exported validated train dataset to file: [E:\Projects\Consumer_prediction\customer_segmentation_Artifacts\artifact\data_validation\2023-07-12 22-11-51\validated_data\Train_data\marketing_campaign.csv]
[2023-07-12 22:11:53,631] root - INFO - Data validation artifact: DataValidationArtifact(schema_file_path='E:\\Projects\\Consumer_prediction\\config\\schema.yaml', is_validated=True, message='Data_validation_performed ', validated_train_path='E:\\Projects\\Consumer_prediction\\customer_segmentation_Artifacts\\artifact\\data_validation\\2023-07-12 22-11-51\\validated_data\\Train_data\\marketing_campaign.csv')
[2023-07-12 22:11:53,631] root - INFO - >>>>>>>>>>>>>>>>>>>>>>>>>>>>>>>>>>>>>>>>>>>>>>>>>>>>>>>>>>>>Data Validation log completed.<<<<<<<<<<<<<<<<<<<<<<<<<<<<<<<<<<<<<<<<<<<<<<<<<<<<<<<<<<<<
[2023-07-12 22:11:53,631] root - INFO - Data Transformation Config: DataTransformationConfig(transformed_train_dir='E:\\Projects\\Consumer_prediction\\customer_segmentation_Artifacts\\artifact\\data_transformation\\2023-07-12 22-11-51\\transformed_data\\train', preprocessed_object_file_path='E:\\Projects\\Consumer_prediction\\customer_segmentation_Artifacts\\artifact\\data_transformation\\2023-07-12 22-11-51\\preprocessed\\preprocessed.pkl', feature_engineering_object_file_path='E:\\Projects\\Consumer_prediction\\customer_segmentation_Artifacts\\artifact\\data_transformation\\2023-07-12 22-11-51\\preprocessed\\feat_eng.pkl')
[2023-07-12 22:11:53,631] root - INFO - 
******************** Data Transformation log started ********************


[2023-07-12 22:11:53,632] root - INFO - Obtaining training and test file path.
[2023-07-12 22:11:53,632] root - INFO - Loading training and test data as pandas dataframe.
[2023-07-12 22:11:53,638] root - INFO -  Accesig train and test data                          Train Data : E:\Projects\Consumer_prediction\customer_segmentation_Artifacts\artifact\data_validation\2023-07-12 22-11-51\validated_data\Train_data\marketing_campaign.csv
[2023-07-12 22:11:53,638] root - INFO -  Traning columns Index(['ID', 'Year_Birth', 'Education', 'Marital_Status', 'Income', 'Kidhome',
       'Teenhome', 'Dt_Customer', 'Recency', 'MntWines', 'MntFruits',
       'MntMeatProducts', 'MntFishProducts', 'MntSweetProducts',
       'MntGoldProds', 'NumDealsPurchases', 'NumWebPurchases',
       'NumCatalogPurchases', 'NumStorePurchases', 'NumWebVisitsMonth',
       'AcceptedCmp3', 'AcceptedCmp4', 'AcceptedCmp5', 'AcceptedCmp1',
       'AcceptedCmp2', 'Complain', 'Z_CostContact', 'Z_Revenue', 'Response'],
      dtype='object')
[2023-07-12 22:11:53,638] root - INFO - Obtaining feature engineering object.
[2023-07-12 22:11:53,638] root - INFO - 
******************** Feature Engneering Started ********************


[2023-07-12 22:11:53,638] root - INFO -  Numerical Columns , Categorical Columns , Target Column initialised in Feature engineering Pipeline 
[2023-07-12 22:11:53,638] root - INFO - Applying feature engineering object on training dataframe and testing dataframe
[2023-07-12 22:11:53,638] root - INFO - >>>>>>>>>>>>>>>>>>>>>>>>>>>>>>>>>>>>>>>>>>>>>>>>>>>>>>>>>>>> Training data <<<<<<<<<<<<<<<<<<<<<<<<<<<<<<<<<<<<<<<<<<<<<<<<<<<<<<<<<<<<
[2023-07-12 22:11:53,638] root - INFO - Feature Enineering - Train Data 
[2023-07-12 22:11:53,640] root - INFO - DataFrame shape before removing duplicates: (2216, 29)
[2023-07-12 22:11:53,642] root - INFO - Removed 0 duplicate rows
[2023-07-12 22:11:53,642] root - INFO - DataFrame shape after removing duplicates: (2216, 29)
[2023-07-12 22:11:53,643] root - INFO - Shape before dropping NaN values: (2216, 29)
[2023-07-12 22:11:53,643] root - INFO - Shape after dropping NaN values: (2216, 29)
[2023-07-12 22:11:53,643] root - INFO - Dropped NaN values.
[2023-07-12 22:11:53,643] root - INFO -  Modifying consumer Data 
[2023-07-12 22:11:53,643] root - INFO -  Creating Total Offspring column
[2023-07-12 22:11:53,644] root - INFO -  Creating Living_With column
[2023-07-12 22:11:53,645] root - INFO -  Creating Family_Size column
[2023-07-12 22:11:53,646] root - INFO -  Modifying  Education column
[2023-07-12 22:11:53,646] root - INFO -  Creating Day_since_enrollment column
[2023-07-12 22:11:53,662] root - INFO -  Creating Age column
[2023-07-12 22:11:53,662] root - INFO -  Consumer Data Modified  
[2023-07-12 22:11:53,666] root - INFO - Columns before drop  Index(['ID', 'Year_Birth', 'Education', 'Marital_Status', 'Income', 'Kidhome',
       'Teenhome', 'Dt_Customer', 'Recency', 'MntWines', 'MntFruits',
       'MntMeatProducts', 'MntFishProducts', 'MntSweetProducts',
       'MntGoldProds', 'NumDealsPurchases', 'NumWebPurchases',
       'NumCatalogPurchases', 'NumStorePurchases', 'NumWebVisitsMonth',
       'AcceptedCmp3', 'AcceptedCmp4', 'AcceptedCmp5', 'AcceptedCmp1',
       'AcceptedCmp2', 'Complain', 'Z_CostContact', 'Z_Revenue', 'Response'],
      dtype='object')
[2023-07-12 22:11:53,666] root - INFO -  Dropping Columns ['Marital_Status', 'Dt_Customer', 'Dt_customer', 'Year_Birth', 'ID', 'Kidhome', 'Teenhome', 'AcceptedCmp1', 'AcceptedCmp2', 'AcceptedCmp3', 'AcceptedCmp4', 'Response', 'Z_CostContact', 'Z_Revenue', 'NumWebPurchases', 'NumCatalogPurchases', 'NumStorePurchases', 'NumWebVisitsMonth'] 
[2023-07-12 22:11:53,666] root - ERROR - 
        Error occured in script: [E:\Projects\Consumer_prediction\Customer_personality\pipeline\train.py] at 
        line number: [101] 
        error message: [
        Error occured in script: [E:\Projects\Consumer_prediction\Customer_personality\pipeline\train.py] at 
        line number: [60] 
        error message: [
        Error occured in script: [E:\Projects\Consumer_prediction\Customer_personality\components\data_transformation.py] at 
        line number: [408] 
        error message: [
        Error occured in script: [E:\Projects\Consumer_prediction\Customer_personality\components\data_transformation.py] at 
        line number: [297] 
        error message: [
        Error occured in script: [E:\Projects\Consumer_prediction\Customer_personality\components\data_transformation.py] at 
        line number: [266] 
        error message: [
        Error occured in script: [E:\Projects\Consumer_prediction\Customer_personality\components\data_transformation.py] at 
        line number: [65] 
        error message: ["['Dt_customer'] not found in axis"]]]]]]
[2023-07-12 22:11:53,669] root - INFO - 
******************** Data Transformation log completed ********************


