[2023-07-13 14:06:47,974] root - INFO - Training pipeline Config Completed : TrainingPipelineConfig(artifact_dir='E:\\Projects\\Consumer_prediction\\customer_segmentation_Artifacts\\artifact')
[2023-07-13 14:06:47,975] root - INFO - Accessed Prediction image : Saved_Model\prediction.png
[2023-07-13 14:06:47,979] werkzeug - WARNING -  * Debugger is active!
[2023-07-13 14:06:47,980] werkzeug - INFO -  * Debugger PIN: 637-643-803
[2023-07-13 14:06:50,482] werkzeug - INFO - 127.0.0.1 - - [13/Jul/2023 14:06:50] "GET / HTTP/1.1" 200 -
[2023-07-13 14:06:52,628] werkzeug - INFO - 127.0.0.1 - - [13/Jul/2023 14:06:52] "GET /train HTTP/1.1" 200 -
[2023-07-13 14:06:52,944] werkzeug - INFO - 127.0.0.1 - - [13/Jul/2023 14:06:52] "GET /static/images/prediction.png HTTP/1.1" 200 -
[2023-07-13 14:07:07,939] werkzeug - INFO - 127.0.0.1 - - [13/Jul/2023 14:07:07] "POST /train HTTP/1.1" 200 -
[2023-07-13 14:07:07,955] werkzeug - INFO - 127.0.0.1 - - [13/Jul/2023 14:07:07] "GET /static/images/prediction.png HTTP/1.1" 200 -
[2023-07-13 14:07:09,382] werkzeug - INFO - 127.0.0.1 - - [13/Jul/2023 14:07:09] "GET / HTTP/1.1" 200 -
[2023-07-13 14:07:10,667] werkzeug - INFO - 127.0.0.1 - - [13/Jul/2023 14:07:10] "GET /batch HTTP/1.1" 200 -
[2023-07-13 14:07:10,968] werkzeug - INFO - 127.0.0.1 - - [13/Jul/2023 14:07:10] "[36mGET /static/images/batch_prediction.png HTTP/1.1[0m" 304 -
[2023-07-13 14:07:16,349] root - INFO - CSV received and Uploaded
[2023-07-13 14:07:16,350] root - INFO - Loading the saved pipeline
[2023-07-13 14:07:16,350] root - INFO - Feature eng Object acessed :Prediction_Files/feat_eng.pkl
[2023-07-13 14:07:16,350] root - INFO - Preprocessor  Object accessed :Prediction_Files/preprocessed.pkl
[2023-07-13 14:07:16,350] root - INFO - Model File Path: Saved_model/model.pkl
[2023-07-13 14:07:16,362] root - INFO - DataFrame shape before removing duplicates: (2216, 29)
[2023-07-13 14:07:16,365] root - INFO - Removed 0 duplicate rows
[2023-07-13 14:07:16,365] root - INFO - DataFrame shape after removing duplicates: (2216, 29)
[2023-07-13 14:07:16,366] root - INFO - Shape before dropping NaN values: (2216, 29)
[2023-07-13 14:07:16,366] root - INFO - Shape after dropping NaN values: (2216, 29)
[2023-07-13 14:07:16,366] root - INFO - Dropped NaN values.
[2023-07-13 14:07:16,366] root - INFO -  ------ Modifying consumer Data ------
[2023-07-13 14:07:16,366] root - INFO -  Creating Total Offspring column
[2023-07-13 14:07:16,367] root - INFO -  Creating Living_With column
[2023-07-13 14:07:16,368] root - INFO -  Creating Family_Size column
[2023-07-13 14:07:16,369] root - INFO -  Modifying  Education column
[2023-07-13 14:07:16,369] root - INFO -  Creating Day_since_enrollment column
[2023-07-13 14:07:16,396] root - INFO -  Creating Age column
[2023-07-13 14:07:16,397] root - INFO -  ------ Consumer Data Modified -------- 
[2023-07-13 14:07:16,402] root - INFO - Columns before drop  Index(['ID', 'Year_Birth', 'Education', 'Marital_Status', 'Income', 'Kidhome',
       'Teenhome', 'Dt_Customer', 'Recency', 'Wines', 'Fruits', 'Meat', 'Fish',
       'Sweets', 'Gold', 'NumDealsPurchases', 'NumWebPurchases',
       'NumCatalogPurchases', 'NumStorePurchases', 'NumWebVisitsMonth',
       'AcceptedCmp3', 'AcceptedCmp4', 'AcceptedCmp5', 'AcceptedCmp1',
       'AcceptedCmp2', 'Complain', 'Z_CostContact', 'Z_Revenue', 'Response',
       'Total_Offsprings', 'Living_With', 'Family_Size',
       'Days_since_enrollment', 'Age', 'Total_Amount', 'Frequency',
       'Total_purchases'],
      dtype='object')
[2023-07-13 14:07:16,402] root - INFO -  Dropping Columns ['Marital_Status', 'Dt_Customer', 'Year_Birth', 'ID', 'Kidhome', 'Teenhome', 'AcceptedCmp1', 'AcceptedCmp2', 'AcceptedCmp3', 'AcceptedCmp4', 'AcceptedCmp5', 'Response', 'Z_CostContact', 'Z_Revenue', 'NumWebPurchases', 'NumCatalogPurchases', 'NumStorePurchases', 'NumWebVisitsMonth'] 
[2023-07-13 14:07:16,403] root - INFO -  Columne after dropping : Index(['Education', 'Income', 'Recency', 'Wines', 'Fruits', 'Meat', 'Fish',
       'Sweets', 'Gold', 'NumDealsPurchases', 'Complain', 'Total_Offsprings',
       'Living_With', 'Family_Size', 'Days_since_enrollment', 'Age',
       'Total_Amount', 'Frequency', 'Total_purchases'],
      dtype='object')
[2023-07-13 14:07:16,403] root - INFO -  Data Modification Done
[2023-07-13 14:07:16,403] root - INFO -  Removing Outliers
[2023-07-13 14:07:16,403] root - INFO - Original Data  : (2240, 29)
[2023-07-13 14:07:16,403] root - INFO - Shape Modified Data : (2215, 19)
[2023-07-13 14:07:16,404] root - INFO -  Data Wrangaling Done 
[2023-07-13 14:07:16,411] root - INFO - Feature-engineered batch data saved as CSV.
[2023-07-13 14:07:16,412] root - INFO - Columns before transformation: Education: int32, Income: float64, Recency: int64, Wines: int64, Fruits: int64, Meat: int64, Fish: int64, Sweets: int64, Gold: int64, NumDealsPurchases: int64, Complain: int64, Total_Offsprings: int64, Living_With: int32, Family_Size: int64, Days_since_enrollment: int64, Age: int64, Total_Amount: int64, Frequency: int64, Total_purchases: int64
[2023-07-13 14:07:16,414] root - INFO - Transformed Data Shape: (2215, 19)
[2023-07-13 14:07:16,414] root - INFO - Transformation completed successfully
[2023-07-13 14:07:16,457] root - INFO -  PCA Transformation Started ........
[2023-07-13 14:07:16,505] root - INFO - Predictions done :[1 0 1 ... 1 3 0]
[2023-07-13 14:07:16,513] root - INFO - Batch predictions saved to 'E:\Projects\Consumer_prediction\batch_Prediction\prediction_csv\predictions.csv'.
[2023-07-13 14:07:16,513] root - INFO -  Data in cluster report : {0: 'Ordinary customer', 1: 'Best Customer', 2: 'Ordinary customer_0', 3: 'Avg Customer'}
[2023-07-13 14:07:40,308] werkzeug - INFO - 127.0.0.1 - - [13/Jul/2023 14:07:40] "POST /batch HTTP/1.1" 200 -
[2023-07-13 14:07:40,322] werkzeug - INFO - 127.0.0.1 - - [13/Jul/2023 14:07:40] "GET /static/images/batch_prediction.png HTTP/1.1" 200 -
[2023-07-13 14:18:09,526] werkzeug - INFO -  * Detected change in 'E:\\Projects\\Consumer_prediction\\Customer_personality\\utils\\utils.py', reloading
