[2023-07-13 07:48:09,152] root - INFO - Training pipeline Config Completed : TrainingPipelineConfig(artifact_dir='E:\\Projects\\Consumer_prediction\\customer_segmentation_Artifacts\\artifact')
[2023-07-13 07:48:09,152] root - INFO - Data Ingestion config: DataIngestionConfig(dataset_download_url='https://github.com/Hitesh-Nimbalkar/Customer_personality_data/blob/main/marketing_campaign.zip', ingested_data_dir='E:\\Projects\\Consumer_prediction\\customer_segmentation_Artifacts\\artifact\\data_ingestion\\2023-07-13 07-48-08\\ingested_Data', raw_data_dir='E:\\Projects\\Consumer_prediction\\customer_segmentation_Artifacts\\artifact\\data_ingestion\\2023-07-13 07-48-08\\raw_data', ingested_train_dir='E:\\Projects\\Consumer_prediction\\customer_segmentation_Artifacts\\artifact\\data_ingestion\\2023-07-13 07-48-08\\ingested_Data\\train_Data')
[2023-07-13 07:48:09,161] root - INFO - >>>>>>>>>>>>>>>>>>>>>>>>>>>>>>>>>>>>>>>>>>>>>>>>>>>>>>>>>>>>Data Ingestion log started.<<<<<<<<<<<<<<<<<<<<<<<<<<<<<<<<<<<<<<<<<<<<<<<<<<<<<<<<<<<< 


[2023-07-13 07:48:09,161] root - INFO -  Raw Data directory : E:\Projects\Consumer_prediction\customer_segmentation_Artifacts\artifact\data_ingestion\2023-07-13 07-48-08\raw_data
[2023-07-13 07:48:09,161] root - INFO - Downloading file from URL: https://github.com/Hitesh-Nimbalkar/Customer_personality_data/blob/main/marketing_campaign.zip?raw=true
[2023-07-13 07:48:09,976] root - INFO - File downloaded successfully.
[2023-07-13 07:48:09,978] root - INFO - Zip file extracted successfully.
[2023-07-13 07:48:09,983] root - INFO - File: E:\Projects\Consumer_prediction\customer_segmentation_Artifacts\artifact\data_ingestion\2023-07-13 07-48-08\ingested_Data\marketing_campaign.csv has been downloaded and extracted successfully.
[2023-07-13 07:48:09,983] root - INFO - Data Ingestion Artifact:[DataIngestionArtifact(train_file_path='E:\\Projects\\Consumer_prediction\\customer_segmentation_Artifacts\\artifact\\data_ingestion\\2023-07-13 07-48-08\\ingested_Data\\marketing_campaign.csv', is_ingested=True, message='data ingestion completed successfully')]
[2023-07-13 07:48:09,983] root - INFO - >>>>>>>>>>>>>>>>>>>>>>>>>>>>>>>>>>>>>>>>>>>>>>>>>>>>>>>>>>>>Data Validation log started.<<<<<<<<<<<<<<<<<<<<<<<<<<<<<<<<<<<<<<<<<<<<<<<<<<<<<<<<<<<< 


[2023-07-13 07:48:09,985] root - INFO - Validation Process Started
[2023-07-13 07:48:09,993] root - INFO -  Columns in ingested Data :Index(['ID', 'Year_Birth', 'Education', 'Marital_Status', 'Income', 'Kidhome',
       'Teenhome', 'Dt_Customer', 'Recency', 'MntWines', 'MntFruits',
       'MntMeatProducts', 'MntFishProducts', 'MntSweetProducts',
       'MntGoldProds', 'NumDealsPurchases', 'NumWebPurchases',
       'NumCatalogPurchases', 'NumStorePurchases', 'NumWebVisitsMonth',
       'AcceptedCmp3', 'AcceptedCmp4', 'AcceptedCmp5', 'AcceptedCmp1',
       'AcceptedCmp2', 'Complain', 'Z_CostContact', 'Z_Revenue', 'Response'],
      dtype='object')
[2023-07-13 07:48:10,015] root - INFO - Train_set status: is Train filename validated? True | is train column name validated? True | whole missing columns? TrueData type validation? True
[2023-07-13 07:48:10,026] root - INFO - Exported validated train dataset to file: [E:\Projects\Consumer_prediction\customer_segmentation_Artifacts\artifact\data_validation\2023-07-13 07-48-08\validated_data\Train_data\marketing_campaign.csv]
[2023-07-13 07:48:10,026] root - INFO - Data validation artifact: DataValidationArtifact(schema_file_path='E:\\Projects\\Consumer_prediction\\config\\schema.yaml', is_validated=True, message='Data_validation_performed ', validated_train_path='E:\\Projects\\Consumer_prediction\\customer_segmentation_Artifacts\\artifact\\data_validation\\2023-07-13 07-48-08\\validated_data\\Train_data\\marketing_campaign.csv')
[2023-07-13 07:48:10,026] root - INFO - >>>>>>>>>>>>>>>>>>>>>>>>>>>>>>>>>>>>>>>>>>>>>>>>>>>>>>>>>>>>Data Validation log completed.<<<<<<<<<<<<<<<<<<<<<<<<<<<<<<<<<<<<<<<<<<<<<<<<<<<<<<<<<<<<
[2023-07-13 07:48:10,026] root - INFO - Data Transformation Config: DataTransformationConfig(transformed_train_dir='E:\\Projects\\Consumer_prediction\\customer_segmentation_Artifacts\\artifact\\data_transformation\\2023-07-13 07-48-08\\transformed_data\\train', preprocessed_object_file_path='E:\\Projects\\Consumer_prediction\\customer_segmentation_Artifacts\\artifact\\data_transformation\\2023-07-13 07-48-08\\preprocessed\\preprocessed.pkl', feature_engineering_object_file_path='E:\\Projects\\Consumer_prediction\\customer_segmentation_Artifacts\\artifact\\data_transformation\\2023-07-13 07-48-08\\preprocessed\\feat_eng.pkl')
[2023-07-13 07:48:10,026] root - INFO - 
******************** Data Transformation log started ********************


[2023-07-13 07:48:10,027] root - INFO - Obtaining training and test file path.
[2023-07-13 07:48:10,027] root - INFO - Loading training and test data as pandas dataframe.
[2023-07-13 07:48:10,033] root - INFO -  Accesig train and test data                          Train Data : E:\Projects\Consumer_prediction\customer_segmentation_Artifacts\artifact\data_validation\2023-07-13 07-48-08\validated_data\Train_data\marketing_campaign.csv
[2023-07-13 07:48:10,033] root - INFO -  Traning columns Index(['ID', 'Year_Birth', 'Education', 'Marital_Status', 'Income', 'Kidhome',
       'Teenhome', 'Dt_Customer', 'Recency', 'MntWines', 'MntFruits',
       'MntMeatProducts', 'MntFishProducts', 'MntSweetProducts',
       'MntGoldProds', 'NumDealsPurchases', 'NumWebPurchases',
       'NumCatalogPurchases', 'NumStorePurchases', 'NumWebVisitsMonth',
       'AcceptedCmp3', 'AcceptedCmp4', 'AcceptedCmp5', 'AcceptedCmp1',
       'AcceptedCmp2', 'Complain', 'Z_CostContact', 'Z_Revenue', 'Response'],
      dtype='object')
[2023-07-13 07:48:10,033] root - INFO - Obtaining feature engineering object.
[2023-07-13 07:48:10,033] root - INFO - 
******************** Feature Engneering Started ********************


[2023-07-13 07:48:10,033] root - INFO -  Numerical Columns , Categorical Columns , Target Column initialised in Feature engineering Pipeline 
[2023-07-13 07:48:10,033] root - INFO - Applying feature engineering object on training dataframe and testing dataframe
[2023-07-13 07:48:10,033] root - INFO - >>>>>>>>>>>>>>>>>>>>>>>>>>>>>>>>>>>>>>>>>>>>>>>>>>>>>>>>>>>> Training data <<<<<<<<<<<<<<<<<<<<<<<<<<<<<<<<<<<<<<<<<<<<<<<<<<<<<<<<<<<<
[2023-07-13 07:48:10,033] root - INFO - Feature Enineering - Train Data 
[2023-07-13 07:48:10,034] root - INFO - DataFrame shape before removing duplicates: (2216, 29)
[2023-07-13 07:48:10,036] root - INFO - Removed 0 duplicate rows
[2023-07-13 07:48:10,037] root - INFO - DataFrame shape after removing duplicates: (2216, 29)
[2023-07-13 07:48:10,037] root - INFO - Shape before dropping NaN values: (2216, 29)
[2023-07-13 07:48:10,038] root - INFO - Shape after dropping NaN values: (2216, 29)
[2023-07-13 07:48:10,038] root - INFO - Dropped NaN values.
[2023-07-13 07:48:10,038] root - INFO -  ------ Modifying consumer Data ------
[2023-07-13 07:48:10,038] root - INFO -  Creating Total Offspring column
[2023-07-13 07:48:10,039] root - INFO -  Creating Living_With column
[2023-07-13 07:48:10,039] root - INFO -  Creating Family_Size column
[2023-07-13 07:48:10,040] root - INFO -  Modifying  Education column
[2023-07-13 07:48:10,041] root - INFO -  Creating Day_since_enrollment column
[2023-07-13 07:48:10,057] root - INFO -  Creating Age column
[2023-07-13 07:48:10,057] root - INFO -  ------ Consumer Data Modified -------- 
[2023-07-13 07:48:10,062] root - INFO - Columns before drop  Index(['ID', 'Year_Birth', 'Education', 'Marital_Status', 'Income', 'Kidhome',
       'Teenhome', 'Dt_Customer', 'Recency', 'Wines', 'Fruits', 'Meat', 'Fish',
       'Sweets', 'Gold', 'NumDealsPurchases', 'NumWebPurchases',
       'NumCatalogPurchases', 'NumStorePurchases', 'NumWebVisitsMonth',
       'AcceptedCmp3', 'AcceptedCmp4', 'AcceptedCmp5', 'AcceptedCmp1',
       'AcceptedCmp2', 'Complain', 'Z_CostContact', 'Z_Revenue', 'Response',
       'Total_Offsprings', 'Living_With', 'Family_Size',
       'Days_since_enrollment', 'Age', 'Total_Amount', 'Frequency',
       'Total_purchases'],
      dtype='object')
[2023-07-13 07:48:10,062] root - INFO -  Dropping Columns ['Marital_Status', 'Dt_Customer', 'Year_Birth', 'ID', 'Kidhome', 'Teenhome', 'AcceptedCmp1', 'AcceptedCmp2', 'AcceptedCmp3', 'AcceptedCmp4', 'AcceptedCmp5', 'Response', 'Z_CostContact', 'Z_Revenue', 'NumWebPurchases', 'NumCatalogPurchases', 'NumStorePurchases', 'NumWebVisitsMonth'] 
[2023-07-13 07:48:10,063] root - INFO -  Columne after dropping : Index(['Education', 'Income', 'Recency', 'Wines', 'Fruits', 'Meat', 'Fish',
       'Sweets', 'Gold', 'NumDealsPurchases', 'Complain', 'Total_Offsprings',
       'Living_With', 'Family_Size', 'Days_since_enrollment', 'Age',
       'Total_Amount', 'Frequency', 'Total_purchases'],
      dtype='object')
[2023-07-13 07:48:10,063] root - INFO -  Data Modification Done
[2023-07-13 07:48:10,063] root - INFO -  Removing Outliers
[2023-07-13 07:48:10,064] root - INFO - Original Data  : (2240, 29)
[2023-07-13 07:48:10,064] root - INFO - Shapde Modified Data : (2215, 19)
[2023-07-13 07:48:10,071] root - INFO -  Data Wrangaling Done 
[2023-07-13 07:48:10,071] root - INFO - Saving feature engineered training  dataframe.
[2023-07-13 07:48:10,077] root - INFO - ******************** Applying preprocessing object on training dataframe  ********************
[2023-07-13 07:48:10,077] root - INFO - Creating Data Transformer Object
[2023-07-13 07:48:10,082] root - INFO - Shape of train_arr: (2215, 19)
[2023-07-13 07:48:10,082] root - INFO - Transformation completed successfully
[2023-07-13 07:48:10,082] root - INFO - Saving Transformed Train file
[2023-07-13 07:48:10,125] root - INFO - Transformed Train file saved
[2023-07-13 07:48:10,125] root - INFO - Saving Feature Engineering Object
[2023-07-13 07:48:10,125] root - INFO - Saving Feature Engineering Object
[2023-07-13 07:48:10,126] root - INFO - Saving Preprocessing Object
[2023-07-13 07:48:10,131] root - INFO - Data Transformation Artifact: DataTransformationArtifact(is_transformed=True, message='Data transformation successfull.', Feature_eng_train_file_path='E:\\Projects\\Consumer_prediction\\customer_segmentation_Artifacts\\artifact\\data_transformation\\2023-07-13 07-48-08\\transformed_data\\train\\Feature_engineering.csv', transformed_train_file_path='E:\\Projects\\Consumer_prediction\\customer_segmentation_Artifacts\\artifact\\data_transformation\\2023-07-13 07-48-08\\transformed_data\\train\\transformed_train.csv', preprocessed_object_file_path='E:\\Projects\\Consumer_prediction\\customer_segmentation_Artifacts\\artifact\\data_transformation\\2023-07-13 07-48-08\\preprocessed\\preprocessed.pkl', feature_engineering_object_file_path='E:\\Projects\\Consumer_prediction\\customer_segmentation_Artifacts\\artifact\\data_transformation\\2023-07-13 07-48-08\\preprocessed\\feat_eng.pkl')
[2023-07-13 07:48:10,131] root - INFO - 
******************** Data Transformation log completed ********************


[2023-07-13 07:48:10,132] root - INFO - Model Trainer Config : ModelTrainerConfig(trained_model_directory='E:\\Projects\\Consumer_prediction\\customer_segmentation_Artifacts\\artifact\\model_training\\2023-07-13 07-48-08\\trained_model', trained_model_file_path='E:\\Projects\\Consumer_prediction\\customer_segmentation_Artifacts\\artifact\\model_training\\2023-07-13 07-48-08\\trained_model\\model.pkl', png_location='E:\\Projects\\Consumer_prediction\\customer_segmentation_Artifacts\\artifact\\model_training\\2023-07-13 07-48-08\\model_predictions', model_config_path='E:\\Projects\\Consumer_prediction\\config\\model.yaml', report_path='E:\\Projects\\Consumer_prediction\\customer_segmentation_Artifacts\\artifact\\model_training\\2023-07-13 07-48-08\\trained_model')
[2023-07-13 07:48:10,132] root - INFO - >>>>>>>>>>>>>>>>>>>>>>>>>>>>>>>>>>>>>>>>>>>>>>>>>>>>>>>>>>>>Model trainer log started.<<<<<<<<<<<<<<<<<<<<<<<<<<<<<<<<<<<<<<<<<<<<<<<<<<<<<<<<<<<< 
[2023-07-13 07:48:10,135] root - INFO - Finding transformed Training data
[2023-07-13 07:48:10,135] root - INFO - Transformed Data found!!! Now, converting it into dataframe
[2023-07-13 07:48:10,146] root - INFO -  PCA Transformation Started ........
[2023-07-13 07:48:10,153] root - INFO -  PCA Transformation Completed ........
[2023-07-13 07:48:10,153] root - INFO - PCA transformed datframe columns :Index(['F1', 'F2', 'F3'], dtype='object')
[2023-07-13 07:48:10,153] root - INFO -  Training Kmeans.....
[2023-07-13 07:48:10,154] root - INFO -   optimal number of clusters K_MEANS : 4
[2023-07-13 07:48:10,230] root - INFO -  Kmeans Fitted 
[2023-07-13 07:48:10,591] root - INFO -  Training GMM Clustering.....
[2023-07-13 07:48:10,735] root - INFO - Optimal Clusters in GMM: 3
[2023-07-13 07:48:10,735] root - INFO - Performing Gaussian Mixture Model clustering
[2023-07-13 07:48:10,742] root - INFO - Labels created
[2023-07-13 07:48:10,742] root - INFO - Adding cluster labels to the data
[2023-07-13 07:48:10,742] root - INFO - Converting cluster_labels to DataFrame
[2023-07-13 07:48:10,743] root - INFO - Cluster added to the DataFrame
[2023-07-13 07:48:10,968] root - INFO -  Evaluating .....
[2023-07-13 07:48:11,090] root - INFO -  Model Selected :K-means
[2023-07-13 07:48:11,090] root - INFO - -------------
[2023-07-13 07:48:11,090] root - INFO - Saving data csv at path: E:\Projects\Consumer_prediction\customer_segmentation_Artifacts\artifact\model_training\2023-07-13 07-48-08\trained_model
[2023-07-13 07:48:11,091] root - INFO -  Data table Columns : Index(['Education', 'Income', 'Recency', 'Wines', 'Fruits', 'Meat', 'Fish',
       'Sweets', 'Gold', 'NumDealsPurchases', 'Complain', 'Total_Offsprings',
       'Living_With', 'Family_Size', 'Days_since_enrollment', 'Age',
       'Total_Amount', 'Frequency', 'Total_purchases', 'cluster'],
      dtype='object')
[2023-07-13 07:48:11,130] root - INFO - Saving model at path: E:\Projects\Consumer_prediction\customer_segmentation_Artifacts\artifact\model_training\2023-07-13 07-48-08\trained_model\model.pkl
[2023-07-13 07:48:11,131] root - INFO - Saving metrics of model  : K-means
[2023-07-13 07:48:11,131] root - INFO - Dumping Metrics in report.....
[2023-07-13 07:48:11,132] root - INFO - Report Created
[2023-07-13 07:48:11,132] root - INFO -  Copied prediction png file to the desired directory
[2023-07-13 07:48:11,132] root - INFO - Model Trainer Artifact: ModelTrainerArtifact(is_trained=True, message='Model Trained successfully', model_selected='E:\\Projects\\Consumer_prediction\\customer_segmentation_Artifacts\\artifact\\model_training\\2023-07-13 07-48-08\\trained_model\\model.pkl', model_prediction_png='E:\\Projects\\Consumer_prediction\\customer_segmentation_Artifacts\\artifact\\model_training\\2023-07-13 07-48-08\\model_predictions\\k_mean_prediction_data\\prediction.png', model_name='K-means', report_path='E:\\Projects\\Consumer_prediction\\customer_segmentation_Artifacts\\artifact\\model_training\\2023-07-13 07-48-08\\trained_model\\report.yaml', csv_file_path='E:\\Projects\\Consumer_prediction\\customer_segmentation_Artifacts\\artifact\\model_training\\2023-07-13 07-48-08\\trained_model\\data.csv')
[2023-07-13 07:48:11,132] root - INFO - >>>>>>>>>>>>>>>>>>>>>>>>>>>>>>>>>>>>>>>>>>>>>>>>>>>>>>>>>>>>Model trainer log completed.<<<<<<<<<<<<<<<<<<<<<<<<<<<<<<<<<<<<<<<<<<<<<<<<<<<<<<<<<<<< 
