[2023-07-13 13:39:20,424] root - INFO - Training pipeline Config Completed : TrainingPipelineConfig(artifact_dir='E:\\Projects\\Consumer_prediction\\customer_segmentation_Artifacts\\artifact')
[2023-07-13 13:39:20,425] root - INFO - Accessed Prediction image : Saved_Model\prediction.png
[2023-07-13 13:39:20,430] werkzeug - WARNING -  * Debugger is active!
[2023-07-13 13:39:20,431] werkzeug - INFO -  * Debugger PIN: 637-643-803
[2023-07-13 13:39:23,399] werkzeug - INFO - 127.0.0.1 - - [13/Jul/2023 13:39:23] "GET / HTTP/1.1" 200 -
[2023-07-13 13:39:23,972] werkzeug - INFO - 127.0.0.1 - - [13/Jul/2023 13:39:23] "[33mGET /favicon.ico HTTP/1.1[0m" 404 -
[2023-07-13 13:39:25,862] werkzeug - INFO - 127.0.0.1 - - [13/Jul/2023 13:39:25] "GET /train HTTP/1.1" 200 -
[2023-07-13 13:39:26,183] werkzeug - INFO - 127.0.0.1 - - [13/Jul/2023 13:39:26] "GET /static/images/prediction.png HTTP/1.1" 200 -
[2023-07-13 13:40:13,505] werkzeug - INFO - 127.0.0.1 - - [13/Jul/2023 13:40:13] "POST /train HTTP/1.1" 200 -
[2023-07-13 13:40:13,812] werkzeug - INFO - 127.0.0.1 - - [13/Jul/2023 13:40:13] "GET /static/images/prediction.png HTTP/1.1" 200 -
[2023-07-13 13:40:15,625] werkzeug - INFO - 127.0.0.1 - - [13/Jul/2023 13:40:15] "GET / HTTP/1.1" 200 -
[2023-07-13 13:40:17,082] werkzeug - INFO - 127.0.0.1 - - [13/Jul/2023 13:40:17] "GET /batch HTTP/1.1" 200 -
[2023-07-13 13:40:17,101] werkzeug - INFO - 127.0.0.1 - - [13/Jul/2023 13:40:17] "GET /static/images/batch_prediction.png HTTP/1.1" 200 -
[2023-07-13 13:40:23,119] root - INFO - CSV received and Uploaded
[2023-07-13 13:40:23,119] root - INFO - Loading the saved pipeline
[2023-07-13 13:40:23,119] root - INFO - Feature eng Object acessed :Prediction_Files/feat_eng.pkl
[2023-07-13 13:40:23,122] root - INFO - Preprocessor  Object accessed :Prediction_Files/preprocessed.pkl
[2023-07-13 13:40:23,122] root - INFO - Model File Path: Saved_model/model.pkl
[2023-07-13 13:40:23,136] root - INFO - DataFrame shape before removing duplicates: (2216, 29)
[2023-07-13 13:40:23,140] root - INFO - Removed 0 duplicate rows
[2023-07-13 13:40:23,140] root - INFO - DataFrame shape after removing duplicates: (2216, 29)
[2023-07-13 13:40:23,141] root - INFO - Shape before dropping NaN values: (2216, 29)
[2023-07-13 13:40:23,142] root - INFO - Shape after dropping NaN values: (2216, 29)
[2023-07-13 13:40:23,142] root - INFO - Dropped NaN values.
[2023-07-13 13:40:23,142] root - INFO -  ------ Modifying consumer Data ------
[2023-07-13 13:40:23,142] root - INFO -  Creating Total Offspring column
[2023-07-13 13:40:23,142] root - INFO -  Creating Living_With column
[2023-07-13 13:40:23,143] root - INFO -  Creating Family_Size column
[2023-07-13 13:40:23,144] root - INFO -  Modifying  Education column
[2023-07-13 13:40:23,146] root - INFO -  Creating Day_since_enrollment column
[2023-07-13 13:40:23,175] root - INFO -  Creating Age column
[2023-07-13 13:40:23,176] root - INFO -  ------ Consumer Data Modified -------- 
[2023-07-13 13:40:23,183] root - INFO - Columns before drop  Index(['ID', 'Year_Birth', 'Education', 'Marital_Status', 'Income', 'Kidhome',
       'Teenhome', 'Dt_Customer', 'Recency', 'Wines', 'Fruits', 'Meat', 'Fish',
       'Sweets', 'Gold', 'NumDealsPurchases', 'NumWebPurchases',
       'NumCatalogPurchases', 'NumStorePurchases', 'NumWebVisitsMonth',
       'AcceptedCmp3', 'AcceptedCmp4', 'AcceptedCmp5', 'AcceptedCmp1',
       'AcceptedCmp2', 'Complain', 'Z_CostContact', 'Z_Revenue', 'Response',
       'Total_Offsprings', 'Living_With', 'Family_Size',
       'Days_since_enrollment', 'Age', 'Total_Amount', 'Frequency',
       'Total_purchases'],
      dtype='object')
[2023-07-13 13:40:23,183] root - INFO -  Dropping Columns ['Marital_Status', 'Dt_Customer', 'Year_Birth', 'ID', 'Kidhome', 'Teenhome', 'AcceptedCmp1', 'AcceptedCmp2', 'AcceptedCmp3', 'AcceptedCmp4', 'AcceptedCmp5', 'Response', 'Z_CostContact', 'Z_Revenue', 'NumWebPurchases', 'NumCatalogPurchases', 'NumStorePurchases', 'NumWebVisitsMonth'] 
[2023-07-13 13:40:23,184] root - INFO -  Columne after dropping : Index(['Education', 'Income', 'Recency', 'Wines', 'Fruits', 'Meat', 'Fish',
       'Sweets', 'Gold', 'NumDealsPurchases', 'Complain', 'Total_Offsprings',
       'Living_With', 'Family_Size', 'Days_since_enrollment', 'Age',
       'Total_Amount', 'Frequency', 'Total_purchases'],
      dtype='object')
[2023-07-13 13:40:23,184] root - INFO -  Data Modification Done
[2023-07-13 13:40:23,184] root - INFO -  Removing Outliers
[2023-07-13 13:40:23,184] root - INFO - Original Data  : (2240, 29)
[2023-07-13 13:40:23,185] root - INFO - Shape Modified Data : (2215, 19)
[2023-07-13 13:40:23,185] root - INFO -  Data Wrangaling Done 
[2023-07-13 13:40:23,193] root - INFO - Feature-engineered batch data saved as CSV.
[2023-07-13 13:40:23,196] root - INFO - Columns before transformation: Education: int32, Income: float64, Recency: int64, Wines: int64, Fruits: int64, Meat: int64, Fish: int64, Sweets: int64, Gold: int64, NumDealsPurchases: int64, Complain: int64, Total_Offsprings: int64, Living_With: int32, Family_Size: int64, Days_since_enrollment: int64, Age: int64, Total_Amount: int64, Frequency: int64, Total_purchases: int64
[2023-07-13 13:40:23,199] root - INFO - Transformed Data Shape: (2215, 19)
[2023-07-13 13:40:23,199] root - INFO - Transformation completed successfully
[2023-07-13 13:40:23,236] root - INFO -  PCA Transformation Started ........
[2023-07-13 13:40:23,295] root - INFO - Predictions done :[1 0 1 ... 1 3 0]
[2023-07-13 13:40:23,306] root - INFO - Batch predictions saved to 'E:\Projects\Consumer_prediction\batch_Prediction\prediction_csv\predictions.csv'.
[2023-07-13 13:40:23,307] root - INFO -  Data in cluster report : {0: 'Ordinary customer', 1: 'Best Customer', 2: 'Lost customer', 3: 'ordinary customer'}
[2023-07-13 13:41:00,510] werkzeug - INFO - 127.0.0.1 - - [13/Jul/2023 13:41:00] "GET / HTTP/1.1" 200 -
[2023-07-13 13:42:10,018] werkzeug - INFO -  * Detected change in 'E:\\Projects\\Consumer_prediction\\main.py', reloading
