[2023-07-13 09:46:10,644] root - INFO - Training pipeline Config Completed : TrainingPipelineConfig(artifact_dir='E:\\Projects\\Consumer_prediction\\customer_segmentation_Artifacts\\artifact')
[2023-07-13 09:46:10,645] root - INFO - Data Ingestion config: DataIngestionConfig(dataset_download_url='https://github.com/Hitesh-Nimbalkar/Customer_personality_data/blob/main/marketing_campaign.zip', ingested_data_dir='E:\\Projects\\Consumer_prediction\\customer_segmentation_Artifacts\\artifact\\data_ingestion\\2023-07-13 09-46-09\\ingested_Data', raw_data_dir='E:\\Projects\\Consumer_prediction\\customer_segmentation_Artifacts\\artifact\\data_ingestion\\2023-07-13 09-46-09\\raw_data', ingested_train_dir='E:\\Projects\\Consumer_prediction\\customer_segmentation_Artifacts\\artifact\\data_ingestion\\2023-07-13 09-46-09\\ingested_Data\\train_Data')
[2023-07-13 09:46:10,654] root - INFO - >>>>>>>>>>>>>>>>>>>>>>>>>>>>>>>>>>>>>>>>>>>>>>>>>>>>>>>>>>>>Data Ingestion log started.<<<<<<<<<<<<<<<<<<<<<<<<<<<<<<<<<<<<<<<<<<<<<<<<<<<<<<<<<<<< 


[2023-07-13 09:46:10,654] root - INFO -  Raw Data directory : E:\Projects\Consumer_prediction\customer_segmentation_Artifacts\artifact\data_ingestion\2023-07-13 09-46-09\raw_data
[2023-07-13 09:46:10,654] root - INFO - Downloading file from URL: https://github.com/Hitesh-Nimbalkar/Customer_personality_data/blob/main/marketing_campaign.zip?raw=true
[2023-07-13 09:46:11,407] root - INFO - File downloaded successfully.
[2023-07-13 09:46:11,418] root - INFO - Zip file extracted successfully.
[2023-07-13 09:46:11,425] root - INFO - File: E:\Projects\Consumer_prediction\customer_segmentation_Artifacts\artifact\data_ingestion\2023-07-13 09-46-09\ingested_Data\marketing_campaign.csv has been downloaded and extracted successfully.
[2023-07-13 09:46:11,426] root - INFO - Data Ingestion Artifact:[DataIngestionArtifact(train_file_path='E:\\Projects\\Consumer_prediction\\customer_segmentation_Artifacts\\artifact\\data_ingestion\\2023-07-13 09-46-09\\ingested_Data\\marketing_campaign.csv', is_ingested=True, message='data ingestion completed successfully')]
[2023-07-13 09:46:11,426] root - INFO - >>>>>>>>>>>>>>>>>>>>>>>>>>>>>>>>>>>>>>>>>>>>>>>>>>>>>>>>>>>>Data Validation log started.<<<<<<<<<<<<<<<<<<<<<<<<<<<<<<<<<<<<<<<<<<<<<<<<<<<<<<<<<<<< 


[2023-07-13 09:46:11,428] root - INFO - Validation Process Started
[2023-07-13 09:46:11,435] root - INFO -  Columns in ingested Data :Index(['ID', 'Year_Birth', 'Education', 'Marital_Status', 'Income', 'Kidhome',
       'Teenhome', 'Dt_Customer', 'Recency', 'MntWines', 'MntFruits',
       'MntMeatProducts', 'MntFishProducts', 'MntSweetProducts',
       'MntGoldProds', 'NumDealsPurchases', 'NumWebPurchases',
       'NumCatalogPurchases', 'NumStorePurchases', 'NumWebVisitsMonth',
       'AcceptedCmp3', 'AcceptedCmp4', 'AcceptedCmp5', 'AcceptedCmp1',
       'AcceptedCmp2', 'Complain', 'Z_CostContact', 'Z_Revenue', 'Response'],
      dtype='object')
[2023-07-13 09:46:11,456] root - INFO - Train_set status: is Train filename validated? True | is train column name validated? True | whole missing columns? TrueData type validation? True
[2023-07-13 09:46:11,459] root - INFO - Exported validated train dataset to file: [E:\Projects\Consumer_prediction\customer_segmentation_Artifacts\artifact\data_validation\2023-07-13 09-46-09\validated_data\Train_data\marketing_campaign.csv]
[2023-07-13 09:46:11,459] root - INFO - Data validation artifact: DataValidationArtifact(schema_file_path='E:\\Projects\\Consumer_prediction\\config\\schema.yaml', is_validated=True, message='Data_validation_performed ', validated_train_path='E:\\Projects\\Consumer_prediction\\customer_segmentation_Artifacts\\artifact\\data_validation\\2023-07-13 09-46-09\\validated_data\\Train_data\\marketing_campaign.csv')
[2023-07-13 09:46:11,459] root - INFO - >>>>>>>>>>>>>>>>>>>>>>>>>>>>>>>>>>>>>>>>>>>>>>>>>>>>>>>>>>>>Data Validation log completed.<<<<<<<<<<<<<<<<<<<<<<<<<<<<<<<<<<<<<<<<<<<<<<<<<<<<<<<<<<<<
[2023-07-13 09:46:11,459] root - INFO - Data Transformation Config: DataTransformationConfig(transformed_train_dir='E:\\Projects\\Consumer_prediction\\customer_segmentation_Artifacts\\artifact\\data_transformation\\2023-07-13 09-46-09\\transformed_data\\train', preprocessed_object_file_path='E:\\Projects\\Consumer_prediction\\customer_segmentation_Artifacts\\artifact\\data_transformation\\2023-07-13 09-46-09\\preprocessed\\preprocessed.pkl', feature_engineering_object_file_path='E:\\Projects\\Consumer_prediction\\customer_segmentation_Artifacts\\artifact\\data_transformation\\2023-07-13 09-46-09\\preprocessed\\feat_eng.pkl')
[2023-07-13 09:46:11,459] root - INFO - 
******************** Data Transformation log started ********************


[2023-07-13 09:46:11,460] root - INFO - Obtaining training and test file path.
[2023-07-13 09:46:11,460] root - INFO - Loading training and test data as pandas dataframe.
[2023-07-13 09:46:11,465] root - INFO -  Accesig train and test data                          Train Data : E:\Projects\Consumer_prediction\customer_segmentation_Artifacts\artifact\data_validation\2023-07-13 09-46-09\validated_data\Train_data\marketing_campaign.csv
[2023-07-13 09:46:11,466] root - INFO -  Traning columns Index(['ID', 'Year_Birth', 'Education', 'Marital_Status', 'Income', 'Kidhome',
       'Teenhome', 'Dt_Customer', 'Recency', 'MntWines', 'MntFruits',
       'MntMeatProducts', 'MntFishProducts', 'MntSweetProducts',
       'MntGoldProds', 'NumDealsPurchases', 'NumWebPurchases',
       'NumCatalogPurchases', 'NumStorePurchases', 'NumWebVisitsMonth',
       'AcceptedCmp3', 'AcceptedCmp4', 'AcceptedCmp5', 'AcceptedCmp1',
       'AcceptedCmp2', 'Complain', 'Z_CostContact', 'Z_Revenue', 'Response'],
      dtype='object')
[2023-07-13 09:46:11,466] root - INFO - Obtaining feature engineering object.
[2023-07-13 09:46:11,466] root - INFO - 
******************** Feature Engneering Started ********************


[2023-07-13 09:46:11,466] root - INFO -  Numerical Columns , Categorical Columns , Target Column initialised in Feature engineering Pipeline 
[2023-07-13 09:46:11,466] root - INFO - Applying feature engineering object on training dataframe and testing dataframe
[2023-07-13 09:46:11,466] root - INFO - >>>>>>>>>>>>>>>>>>>>>>>>>>>>>>>>>>>>>>>>>>>>>>>>>>>>>>>>>>>> Training data <<<<<<<<<<<<<<<<<<<<<<<<<<<<<<<<<<<<<<<<<<<<<<<<<<<<<<<<<<<<
[2023-07-13 09:46:11,466] root - INFO - Feature Enineering - Train Data 
[2023-07-13 09:46:11,467] root - INFO - DataFrame shape before removing duplicates: (2216, 29)
[2023-07-13 09:46:11,471] root - INFO - Removed 0 duplicate rows
[2023-07-13 09:46:11,471] root - INFO - DataFrame shape after removing duplicates: (2216, 29)
[2023-07-13 09:46:11,472] root - INFO - Shape before dropping NaN values: (2216, 29)
[2023-07-13 09:46:11,472] root - INFO - Shape after dropping NaN values: (2216, 29)
[2023-07-13 09:46:11,472] root - INFO - Dropped NaN values.
[2023-07-13 09:46:11,472] root - INFO -  ------ Modifying consumer Data ------
[2023-07-13 09:46:11,472] root - INFO -  Creating Total Offspring column
[2023-07-13 09:46:11,473] root - INFO -  Creating Living_With column
[2023-07-13 09:46:11,473] root - INFO -  Creating Family_Size column
[2023-07-13 09:46:11,474] root - INFO -  Modifying  Education column
[2023-07-13 09:46:11,475] root - INFO -  Creating Day_since_enrollment column
[2023-07-13 09:46:11,491] root - INFO -  Creating Age column
[2023-07-13 09:46:11,491] root - INFO -  ------ Consumer Data Modified -------- 
[2023-07-13 09:46:11,496] root - INFO - Columns before drop  Index(['ID', 'Year_Birth', 'Education', 'Marital_Status', 'Income', 'Kidhome',
       'Teenhome', 'Dt_Customer', 'Recency', 'Wines', 'Fruits', 'Meat', 'Fish',
       'Sweets', 'Gold', 'NumDealsPurchases', 'NumWebPurchases',
       'NumCatalogPurchases', 'NumStorePurchases', 'NumWebVisitsMonth',
       'AcceptedCmp3', 'AcceptedCmp4', 'AcceptedCmp5', 'AcceptedCmp1',
       'AcceptedCmp2', 'Complain', 'Z_CostContact', 'Z_Revenue', 'Response',
       'Total_Offsprings', 'Living_With', 'Family_Size',
       'Days_since_enrollment', 'Age', 'Total_Amount', 'Frequency',
       'Total_purchases'],
      dtype='object')
[2023-07-13 09:46:11,496] root - INFO -  Dropping Columns ['Marital_Status', 'Dt_Customer', 'Year_Birth', 'ID', 'Kidhome', 'Teenhome', 'AcceptedCmp1', 'AcceptedCmp2', 'AcceptedCmp3', 'AcceptedCmp4', 'AcceptedCmp5', 'Response', 'Z_CostContact', 'Z_Revenue', 'NumWebPurchases', 'NumCatalogPurchases', 'NumStorePurchases', 'NumWebVisitsMonth'] 
[2023-07-13 09:46:11,497] root - INFO -  Columne after dropping : Index(['Education', 'Income', 'Recency', 'Wines', 'Fruits', 'Meat', 'Fish',
       'Sweets', 'Gold', 'NumDealsPurchases', 'Complain', 'Total_Offsprings',
       'Living_With', 'Family_Size', 'Days_since_enrollment', 'Age',
       'Total_Amount', 'Frequency', 'Total_purchases'],
      dtype='object')
[2023-07-13 09:46:11,497] root - INFO -  Data Modification Done
[2023-07-13 09:46:11,497] root - INFO -  Removing Outliers
[2023-07-13 09:46:11,497] root - INFO - Original Data  : (2240, 29)
[2023-07-13 09:46:11,497] root - INFO - Shapde Modified Data : (2215, 19)
[2023-07-13 09:46:11,504] root - INFO -  Data Wrangaling Done 
[2023-07-13 09:46:11,504] root - INFO - Saving feature engineered training  dataframe.
[2023-07-13 09:46:11,512] root - INFO - ******************** Applying preprocessing object on training dataframe  ********************
[2023-07-13 09:46:11,512] root - INFO - Creating Data Transformer Object
[2023-07-13 09:46:11,517] root - INFO - Shape of train_arr: (2215, 19)
[2023-07-13 09:46:11,517] root - INFO - Transformation completed successfully
[2023-07-13 09:46:11,517] root - INFO - Saving Transformed Train file
[2023-07-13 09:46:11,561] root - INFO - Transformed Train file saved
[2023-07-13 09:46:11,562] root - INFO - Saving Feature Engineering Object
[2023-07-13 09:46:11,562] root - INFO - Saving Feature Engineering Object
[2023-07-13 09:46:11,563] root - INFO - Saving Preprocessing Object
[2023-07-13 09:46:11,566] root - INFO - Data Transformation Artifact: DataTransformationArtifact(is_transformed=True, message='Data transformation successfull.', Feature_eng_train_file_path='E:\\Projects\\Consumer_prediction\\customer_segmentation_Artifacts\\artifact\\data_transformation\\2023-07-13 09-46-09\\transformed_data\\train\\Feature_engineering.csv', transformed_train_file_path='E:\\Projects\\Consumer_prediction\\customer_segmentation_Artifacts\\artifact\\data_transformation\\2023-07-13 09-46-09\\transformed_data\\train\\transformed_train.csv', preprocessed_object_file_path='E:\\Projects\\Consumer_prediction\\customer_segmentation_Artifacts\\artifact\\data_transformation\\2023-07-13 09-46-09\\preprocessed\\preprocessed.pkl', feature_engineering_object_file_path='E:\\Projects\\Consumer_prediction\\customer_segmentation_Artifacts\\artifact\\data_transformation\\2023-07-13 09-46-09\\preprocessed\\feat_eng.pkl')
[2023-07-13 09:46:11,566] root - INFO - 
******************** Data Transformation log completed ********************


[2023-07-13 09:46:11,566] root - INFO - Model Trainer Config : ModelTrainerConfig(trained_model_directory='E:\\Projects\\Consumer_prediction\\customer_segmentation_Artifacts\\artifact\\model_training\\2023-07-13 09-46-09\\trained_model', trained_model_file_path='E:\\Projects\\Consumer_prediction\\customer_segmentation_Artifacts\\artifact\\model_training\\2023-07-13 09-46-09\\trained_model\\model.pkl', png_location='E:\\Projects\\Consumer_prediction\\customer_segmentation_Artifacts\\artifact\\model_training\\2023-07-13 09-46-09\\model_predictions', model_config_path='E:\\Projects\\Consumer_prediction\\config\\model.yaml', report_path='E:\\Projects\\Consumer_prediction\\customer_segmentation_Artifacts\\artifact\\model_training\\2023-07-13 09-46-09\\trained_model')
[2023-07-13 09:46:11,566] root - INFO - >>>>>>>>>>>>>>>>>>>>>>>>>>>>>>>>>>>>>>>>>>>>>>>>>>>>>>>>>>>>Model trainer log started.<<<<<<<<<<<<<<<<<<<<<<<<<<<<<<<<<<<<<<<<<<<<<<<<<<<<<<<<<<<< 
[2023-07-13 09:46:11,567] root - INFO - Finding transformed Training data
[2023-07-13 09:46:11,567] root - INFO - Transformed Data found!!! Now, converting it into dataframe
[2023-07-13 09:46:11,575] root - INFO -  Drop ID Column 
[2023-07-13 09:46:11,575] root - INFO -  Columns in to be trained data : Index(['Education', 'Income', 'Recency', 'Wines', 'Fruits', 'Meat', 'Fish',
       'Sweets', 'Gold', 'NumDealsPurchases', 'Complain', 'Total_Offsprings',
       'Living_With', 'Family_Size', 'Days_since_enrollment', 'Age',
       'Total_Amount', 'Frequency', 'Total_purchases'],
      dtype='object')
[2023-07-13 09:46:11,575] root - INFO -  PCA Transformation Started ........
[2023-07-13 09:46:11,582] root - INFO -  PCA Transformation Completed ........
[2023-07-13 09:46:11,583] root - INFO - PCA transformed datframe columns :Index(['F1', 'F2', 'F3'], dtype='object')
[2023-07-13 09:46:11,583] root - INFO -  Training Kmeans.....
[2023-07-13 09:46:11,583] root - INFO -   optimal number of clusters K_MEANS : 4
[2023-07-13 09:46:11,657] root - INFO -  Kmeans Fitted 
[2023-07-13 09:46:11,953] root - INFO -  Training GMM Clustering.....
[2023-07-13 09:46:12,094] root - INFO - Optimal Clusters in GMM: 3
[2023-07-13 09:46:12,094] root - INFO - Performing Gaussian Mixture Model clustering
[2023-07-13 09:46:12,099] root - INFO - Labels created
[2023-07-13 09:46:12,099] root - INFO - Adding cluster labels to the data
[2023-07-13 09:46:12,099] root - INFO - Converting cluster_labels to DataFrame
[2023-07-13 09:46:12,099] root - INFO - Cluster added to the DataFrame
[2023-07-13 09:46:12,318] root - INFO -  Evaluating .....
[2023-07-13 09:46:12,428] root - INFO -  Model Selected :K-means
[2023-07-13 09:46:12,428] root - INFO - -------------
[2023-07-13 09:46:12,428] root - INFO -  Reverse mapping Education
[2023-07-13 09:46:12,429] root - ERROR - 
        Error occured in script: [E:\Projects\Consumer_prediction\Customer_personality\pipeline\train.py] at 
        line number: [106] 
        error message: [
        Error occured in script: [E:\Projects\Consumer_prediction\Customer_personality\pipeline\train.py] at 
        line number: [70] 
        error message: [
        Error occured in script: [E:\Projects\Consumer_prediction\Customer_personality\components\model_trainer.py] at 
        line number: [357] 
        error message: [string indices must be integers, not 'str']]]
[2023-07-13 09:46:12,431] root - INFO - >>>>>>>>>>>>>>>>>>>>>>>>>>>>>>>>>>>>>>>>>>>>>>>>>>>>>>>>>>>>Model trainer log completed.<<<<<<<<<<<<<<<<<<<<<<<<<<<<<<<<<<<<<<<<<<<<<<<<<<<<<<<<<<<< 
