[2023-07-13 14:50:28,072] root - INFO - Training pipeline Config Completed : TrainingPipelineConfig(artifact_dir='E:\\Projects\\Consumer_prediction\\customer_segmentation_Artifacts\\artifact')
[2023-07-13 14:50:28,072] root - INFO - Data Ingestion config: DataIngestionConfig(dataset_download_url='https://github.com/Hitesh-Nimbalkar/Customer_personality_data/blob/main/marketing_campaign.zip', ingested_data_dir='E:\\Projects\\Consumer_prediction\\customer_segmentation_Artifacts\\artifact\\data_ingestion\\2023-07-13 14-50-27\\ingested_Data', raw_data_dir='E:\\Projects\\Consumer_prediction\\customer_segmentation_Artifacts\\artifact\\data_ingestion\\2023-07-13 14-50-27\\raw_data', ingested_train_dir='E:\\Projects\\Consumer_prediction\\customer_segmentation_Artifacts\\artifact\\data_ingestion\\2023-07-13 14-50-27\\ingested_Data\\train_Data')
[2023-07-13 14:50:28,080] root - INFO - >>>>>>>>>>>>>>>>>>>>>>>>>>>>>>>>>>>>>>>>>>>>>>>>>>>>>>>>>>>>Data Ingestion log started.<<<<<<<<<<<<<<<<<<<<<<<<<<<<<<<<<<<<<<<<<<<<<<<<<<<<<<<<<<<< 


[2023-07-13 14:50:28,080] root - INFO -  Raw Data directory : E:\Projects\Consumer_prediction\customer_segmentation_Artifacts\artifact\data_ingestion\2023-07-13 14-50-27\raw_data
[2023-07-13 14:50:28,080] root - INFO - Downloading file from URL: https://github.com/Hitesh-Nimbalkar/Customer_personality_data/blob/main/marketing_campaign.zip?raw=true
[2023-07-13 14:50:29,118] root - INFO - File downloaded successfully.
[2023-07-13 14:50:29,120] root - INFO - Zip file extracted successfully.
[2023-07-13 14:50:29,125] root - INFO - File: E:\Projects\Consumer_prediction\customer_segmentation_Artifacts\artifact\data_ingestion\2023-07-13 14-50-27\ingested_Data\marketing_campaign.csv has been downloaded and extracted successfully.
[2023-07-13 14:50:29,125] root - INFO - Data Ingestion Artifact:[DataIngestionArtifact(train_file_path='E:\\Projects\\Consumer_prediction\\customer_segmentation_Artifacts\\artifact\\data_ingestion\\2023-07-13 14-50-27\\ingested_Data\\marketing_campaign.csv', is_ingested=True, message='data ingestion completed successfully')]
[2023-07-13 14:50:29,125] root - INFO - >>>>>>>>>>>>>>>>>>>>>>>>>>>>>>>>>>>>>>>>>>>>>>>>>>>>>>>>>>>>Data Validation log started.<<<<<<<<<<<<<<<<<<<<<<<<<<<<<<<<<<<<<<<<<<<<<<<<<<<<<<<<<<<< 


[2023-07-13 14:50:29,128] root - INFO - Validation Process Started
[2023-07-13 14:50:29,135] root - INFO -  Columns in ingested Data :Index(['ID', 'Year_Birth', 'Education', 'Marital_Status', 'Income', 'Kidhome',
       'Teenhome', 'Dt_Customer', 'Recency', 'MntWines', 'MntFruits',
       'MntMeatProducts', 'MntFishProducts', 'MntSweetProducts',
       'MntGoldProds', 'NumDealsPurchases', 'NumWebPurchases',
       'NumCatalogPurchases', 'NumStorePurchases', 'NumWebVisitsMonth',
       'AcceptedCmp3', 'AcceptedCmp4', 'AcceptedCmp5', 'AcceptedCmp1',
       'AcceptedCmp2', 'Complain', 'Z_CostContact', 'Z_Revenue', 'Response'],
      dtype='object')
[2023-07-13 14:50:29,156] root - INFO - Train_set status: is Train filename validated? True | is train column name validated? True | whole missing columns? TrueData type validation? True
[2023-07-13 14:50:29,159] root - INFO - Exported validated train dataset to file: [E:\Projects\Consumer_prediction\customer_segmentation_Artifacts\artifact\data_validation\2023-07-13 14-50-27\validated_data\Train_data\marketing_campaign.csv]
[2023-07-13 14:50:29,159] root - INFO - Data validation artifact: DataValidationArtifact(schema_file_path='E:\\Projects\\Consumer_prediction\\config\\schema.yaml', is_validated=True, message='Data_validation_performed ', validated_train_path='E:\\Projects\\Consumer_prediction\\customer_segmentation_Artifacts\\artifact\\data_validation\\2023-07-13 14-50-27\\validated_data\\Train_data\\marketing_campaign.csv')
[2023-07-13 14:50:29,160] root - INFO - >>>>>>>>>>>>>>>>>>>>>>>>>>>>>>>>>>>>>>>>>>>>>>>>>>>>>>>>>>>>Data Validation log completed.<<<<<<<<<<<<<<<<<<<<<<<<<<<<<<<<<<<<<<<<<<<<<<<<<<<<<<<<<<<<
[2023-07-13 14:50:29,160] root - INFO - Data Transformation Config: DataTransformationConfig(transformed_train_dir='E:\\Projects\\Consumer_prediction\\customer_segmentation_Artifacts\\artifact\\data_transformation\\2023-07-13 14-50-27\\transformed_data\\train', preprocessed_object_file_path='E:\\Projects\\Consumer_prediction\\customer_segmentation_Artifacts\\artifact\\data_transformation\\2023-07-13 14-50-27\\preprocessed\\preprocessed.pkl', feature_engineering_object_file_path='E:\\Projects\\Consumer_prediction\\customer_segmentation_Artifacts\\artifact\\data_transformation\\2023-07-13 14-50-27\\preprocessed\\feat_eng.pkl')
[2023-07-13 14:50:29,160] root - INFO - 
******************** Data Transformation log started ********************


[2023-07-13 14:50:29,160] root - INFO - Obtaining training and test file path.
[2023-07-13 14:50:29,161] root - INFO - Loading training and test data as pandas dataframe.
[2023-07-13 14:50:29,166] root - INFO -  Accesig train and test data                          Train Data : E:\Projects\Consumer_prediction\customer_segmentation_Artifacts\artifact\data_validation\2023-07-13 14-50-27\validated_data\Train_data\marketing_campaign.csv
[2023-07-13 14:50:29,167] root - INFO -  Traning columns Index(['ID', 'Year_Birth', 'Education', 'Marital_Status', 'Income', 'Kidhome',
       'Teenhome', 'Dt_Customer', 'Recency', 'MntWines', 'MntFruits',
       'MntMeatProducts', 'MntFishProducts', 'MntSweetProducts',
       'MntGoldProds', 'NumDealsPurchases', 'NumWebPurchases',
       'NumCatalogPurchases', 'NumStorePurchases', 'NumWebVisitsMonth',
       'AcceptedCmp3', 'AcceptedCmp4', 'AcceptedCmp5', 'AcceptedCmp1',
       'AcceptedCmp2', 'Complain', 'Z_CostContact', 'Z_Revenue', 'Response'],
      dtype='object')
[2023-07-13 14:50:29,167] root - INFO - Obtaining feature engineering object.
[2023-07-13 14:50:29,167] root - INFO - 
******************** Feature Engneering Started ********************


[2023-07-13 14:50:29,167] root - INFO -  Numerical Columns , Categorical Columns , Target Column initialised in Feature engineering Pipeline 
[2023-07-13 14:50:29,167] root - INFO - Applying feature engineering object on training dataframe and testing dataframe
[2023-07-13 14:50:29,167] root - INFO - >>>>>>>>>>>>>>>>>>>>>>>>>>>>>>>>>>>>>>>>>>>>>>>>>>>>>>>>>>>> Training data <<<<<<<<<<<<<<<<<<<<<<<<<<<<<<<<<<<<<<<<<<<<<<<<<<<<<<<<<<<<
[2023-07-13 14:50:29,167] root - INFO - Feature Enineering - Train Data 
[2023-07-13 14:50:29,168] root - INFO - DataFrame shape before removing duplicates: (2216, 29)
[2023-07-13 14:50:29,170] root - INFO - Removed 0 duplicate rows
[2023-07-13 14:50:29,171] root - INFO - DataFrame shape after removing duplicates: (2216, 29)
[2023-07-13 14:50:29,171] root - INFO - Shape before dropping NaN values: (2216, 29)
[2023-07-13 14:50:29,172] root - INFO - Shape after dropping NaN values: (2216, 29)
[2023-07-13 14:50:29,172] root - INFO - Dropped NaN values.
[2023-07-13 14:50:29,172] root - INFO -  ------ Modifying consumer Data ------
[2023-07-13 14:50:29,172] root - INFO -  Creating Total Offspring column
[2023-07-13 14:50:29,173] root - INFO -  Creating Living_With column
[2023-07-13 14:50:29,174] root - INFO -  Creating Family_Size column
[2023-07-13 14:50:29,175] root - INFO -  Modifying  Education column
[2023-07-13 14:50:29,176] root - INFO -  Creating Day_since_enrollment column
[2023-07-13 14:50:29,197] root - INFO -  Creating Age column
[2023-07-13 14:50:29,198] root - INFO -  ------ Consumer Data Modified -------- 
[2023-07-13 14:50:29,208] root - INFO - Columns before drop  Index(['ID', 'Year_Birth', 'Education', 'Marital_Status', 'Income', 'Kidhome',
       'Teenhome', 'Dt_Customer', 'Recency', 'Wines', 'Fruits', 'Meat', 'Fish',
       'Sweets', 'Gold', 'NumDealsPurchases', 'NumWebPurchases',
       'NumCatalogPurchases', 'NumStorePurchases', 'NumWebVisitsMonth',
       'AcceptedCmp3', 'AcceptedCmp4', 'AcceptedCmp5', 'AcceptedCmp1',
       'AcceptedCmp2', 'Complain', 'Z_CostContact', 'Z_Revenue', 'Response',
       'Total_Offsprings', 'Living_With', 'Family_Size',
       'Days_since_enrollment', 'Age', 'Total_Amount', 'Frequency',
       'Total_purchases'],
      dtype='object')
[2023-07-13 14:50:29,208] root - INFO -  Dropping Columns ['Marital_Status', 'Dt_Customer', 'Year_Birth', 'ID', 'Kidhome', 'Teenhome', 'AcceptedCmp1', 'AcceptedCmp2', 'AcceptedCmp3', 'AcceptedCmp4', 'AcceptedCmp5', 'Response', 'Z_CostContact', 'Z_Revenue', 'NumWebPurchases', 'NumCatalogPurchases', 'NumStorePurchases', 'NumWebVisitsMonth'] 
[2023-07-13 14:50:29,209] root - INFO -  Columne after dropping : Index(['Education', 'Income', 'Recency', 'Wines', 'Fruits', 'Meat', 'Fish',
       'Sweets', 'Gold', 'NumDealsPurchases', 'Complain', 'Total_Offsprings',
       'Living_With', 'Family_Size', 'Days_since_enrollment', 'Age',
       'Total_Amount', 'Frequency', 'Total_purchases'],
      dtype='object')
[2023-07-13 14:50:29,209] root - INFO -  Data Modification Done
[2023-07-13 14:50:29,209] root - INFO -  Removing Outliers
[2023-07-13 14:50:29,210] root - INFO - Original Data  : (2240, 29)
[2023-07-13 14:50:29,210] root - INFO - Shape Modified Data : (2215, 19)
[2023-07-13 14:50:29,210] root - INFO -  Data Wrangaling Done 
[2023-07-13 14:50:29,211] root - INFO - Saving feature engineered training  dataframe.
[2023-07-13 14:50:29,226] root - INFO - ******************** Applying preprocessing object on training dataframe  ********************
[2023-07-13 14:50:29,226] root - INFO - Creating Data Transformer Object
[2023-07-13 14:50:29,232] root - INFO - Shape of train_arr: (2215, 19)
[2023-07-13 14:50:29,232] root - INFO - Transformation completed successfully
[2023-07-13 14:50:29,233] root - INFO - Saving Transformed Train file
[2023-07-13 14:50:29,272] root - INFO - Transformed Train file saved
[2023-07-13 14:50:29,272] root - INFO - Saving Feature Engineering Object
[2023-07-13 14:50:29,272] root - INFO - Saving Feature Engineering Object
[2023-07-13 14:50:29,273] root - INFO - Saving Preprocessing Object
[2023-07-13 14:50:29,274] root - ERROR - 
        Error occured in script: [E:\Projects\Consumer_prediction\Customer_personality\pipeline\train.py] at 
        line number: [103] 
        error message: [
        Error occured in script: [E:\Projects\Consumer_prediction\Customer_personality\pipeline\train.py] at 
        line number: [60] 
        error message: [
        Error occured in script: [E:\Projects\Consumer_prediction\Customer_personality\components\data_transformation.py] at 
        line number: [501] 
        error message: [
        Error occured in script: [E:\Projects\Consumer_prediction\Customer_personality\utils\utils.py] at 
        line number: [62] 
        error message: [Can't pickle <function DataTransformation.get_data_transformer_object.<locals>.positive_transform at 0x00000249C361D580>: it's not found as Customer_personality.components.data_transformation.DataTransformation.get_data_transformer_object.<locals>.positive_transform]]]]
[2023-07-13 14:50:29,276] root - INFO - 
******************** Data Transformation log completed ********************


