[2023-07-13 11:19:23,879] root - INFO - Training pipeline Config Completed : TrainingPipelineConfig(artifact_dir='E:\\Projects\\Consumer_prediction\\customer_segmentation_Artifacts\\artifact')
[2023-07-13 11:19:23,880] root - INFO - Accessed Prediction image : Saved_Model\prediction.png
[2023-07-13 11:19:23,893] werkzeug - INFO - [31m[1mWARNING: This is a development server. Do not use it in a production deployment. Use a production WSGI server instead.[0m
 * Running on all addresses (0.0.0.0)
 * Running on http://127.0.0.1:8050
 * Running on http://192.168.29.233:8050
[2023-07-13 11:19:23,893] werkzeug - INFO - [33mPress CTRL+C to quit[0m
[2023-07-13 11:19:23,897] werkzeug - INFO -  * Restarting with watchdog (windowsapi)
[2023-07-13 12:21:11,918] werkzeug - INFO -  * Restarting with watchdog (windowsapi)
[2023-07-13 12:22:36,845] werkzeug - INFO -  * Restarting with watchdog (windowsapi)
[2023-07-13 12:22:44,504] werkzeug - INFO -  * Restarting with watchdog (windowsapi)
[2023-07-13 12:23:32,216] werkzeug - INFO -  * Restarting with watchdog (windowsapi)
[2023-07-13 12:23:34,786] werkzeug - INFO -  * Restarting with watchdog (windowsapi)
[2023-07-13 12:23:37,425] werkzeug - INFO -  * Restarting with watchdog (windowsapi)
[2023-07-13 12:23:45,036] werkzeug - INFO -  * Restarting with watchdog (windowsapi)
[2023-07-13 12:23:49,691] werkzeug - INFO -  * Restarting with watchdog (windowsapi)
[2023-07-13 12:23:52,286] werkzeug - INFO -  * Restarting with watchdog (windowsapi)
[2023-07-13 12:26:25,350] werkzeug - INFO -  * Restarting with watchdog (windowsapi)
[2023-07-13 12:27:10,094] werkzeug - INFO -  * Restarting with watchdog (windowsapi)
[2023-07-13 13:38:33,196] werkzeug - INFO -  * Restarting with watchdog (windowsapi)
